// Jest Snapshot v1, https://goo.gl/fbAQLP

exports[`Should NOT render expensesList 1`] = `
<div>
  <h1>
    Your List
  </h1>
  <p>
    Nothing render
  </p>
</div>
`;

exports[`Should render expensesList 1`] = `
<div>
  <h1>
    Your List
  </h1>
  <Item
    amount={1000}
    createAt={-345600000}
    description="first"
    id="1"
    key="first"
    note="note"
  />
  <Item
    amount={500}
    createAt={0}
    description="second"
    id="2"
    key="second"
    note="note"
  />
  <Item
    amount={1500}
    createAt={345600000}
    description="third"
    id="3"
    key="third"
    note="note"
  />
</div>
`;
