// Jest Snapshot v1, https://goo.gl/fbAQLP

exports[`Should render Header component correctly 1`] = `
<header>
  <h1>
    Exfensify app
  </h1>
  <li>
    <NavLink
      activeClassName="is-active"
      to="/help"
    >
      Help Page
    </NavLink>
  </li>
  <li>
    <NavLink
      activeClassName="is-active"
      to="/create"
    >
      Create Page
    </NavLink>
  </li>
  <li>
    <NavLink
      activeClassName="is-active"
      exact={true}
      to="/"
    >
      Home Page
    </NavLink>
     
  </li>
</header>
`;
